5351
7588
9431
1513
-1904
-8748
290
7952
6830
5114
-1704
7931
-5449
-1535
3387
3638
-262
