-6972
9052
-10000
-1426
-9999
9006
-9999
176
4395
-9991
-3648
-6150
-9995
