-6972
9052
-2296
-1426
-2520
9006
-4077
176
4395
7194
-3648
-6150
-1858
