6274
-10000
-10000
-9511
-8430
6805
5918
-2467
-10000
