6274
-9737
-9008
-9511
-8430
6805
5918
-2467
-9961
