-8796
2234
-4187
2160
1763
-6555
5832
3198
-6260
8102
-9314
