4803
-8620
-6157
9995
-8665
-9071
9766
-7526
-9173
-7029
-7361
4310
9318
9915
9995
-7580
-1945
-6416
-1732
282
-6545
-7915
6051
-3369
7452
9117
9626
-4149
2264
5251
9943
9943
9915
-9032
9943
-8380
9203
959
6672
8299
-7320
-8005
9943
-573
9478
9995
5139
9995
