4897
-7761
-5907
5375
-7877
-8103
9558
2592
-8375
-7069
1171
4109
9940
6177
9600
-9453
-2472
-6803
-1457
-523
-4174
201
9254
-2968
9983
-2984
7880
-4949
4075
5553
-5577
2979
6540
-9781
6807
-7760
-2239
907
4158
-1797
-7225
-163
1844
-779
-6369
-6413
5093
4776
