-7487
-7988
9918
4549
-9668
-3904
2160
9918
3653
-1251
-4363
9940
8571
9769
-1197
9918
-8314
-7724
9793
-6904
9793
9940
9826
-7214
6976
9769
-9339
9726
9287
-7324
90
575
-3770
-3288
9769
-1213
9761
-170
3221
9665
8654
-3558
8833
9726
9940
3092
2708
8833
8921
