-6633
-7984
4310
3092
-3613
-3298
-6783
3674
3643
-6157
-9042
-155
2585
9822
-1425
4644
-8314
-7832
-5129
-6332
9127
7146
-311
-7925
4009
-5063
-9151
-3876
7291
-8124
-4334
449
-5421
-3488
4317
-1932
4353
-6452
3651
-8567
9210
-6692
9403
1850
2400
3184
375
423
9695
