2408
-1152
1835
-4937
9992
9957
9909
-5275
9866
-6794
9992
-3152
9930
9909
9930
8469
7778
-6391
432
9992
9992
9992
9866
6984
-6192
-4660
9951
9992
8900
4142
5291
9930
9163
9992
9427
-1645
9763
6815
-6961
-7919
-2848
-8101
3942
-4171
