2992
4458
-1884
-4192
8950
-3985
5892
-4557
8337
-7328
-5053
-2799
-4817
4749
-4912
8269
7811
-7132
802
8425
8262
7674
-6343
7004
-4041
-3728
6118
7305
3460
3966
5305
8880
-7693
1152
-1620
-1520
-4938
6635
-9149
-7768
-385
426
-4998
-3062
