-7165
8900
-7165
2859
6827
6827
8900
-2874
-2874
-2874
6827
2859
2288
8900
-2874
2288
7265
-7609
-7609
4784
1161
-7840
-377
-7840
-7840
-9162
-5781
1939
-377
-377
2288
5856
8421
-9162
-377
6212
9986
-5781
-5781
2248
2248
9986
-8163
-4248
1200
1200
389
389
-9745
389
