2781
-8704
-4730
-5381
1437
-4089
6308
1113
-4730
-8704
-8704
8746
-7537
8746
-8704
4408
1171
8746
8746
4408
-8704
-6839
-8739
-7734
-6839
4408
-8739
-7734
-8739
-2144
-2144
-9648
-8739
-9667
-2144
-2144
5435
5435
-983
-290
