-811
-811
-1104
-3641
4504
308
5341
308
1015
5341
-5292
-216
-5292
-5292
471
471
5341
8381
-216
