4855
8491
6227
-6316
-1762
-6316
-2396
-8213
-1762
7256
-1489
-8213
8260
-1489
7256
6227
-3434
3049
-5041
8260
7944
7944
-5041
3049
7970
-3330
4751
-9372
-8631
-3330
-8631
-8631
4751
674
-3330
674
7096
8260
-8631
9771
1363
674
-9975
-6261
1363
-8457
730
21
730
4827
21
21
-4665
-8357
-8457
-4665
-5681
-8510
-8510
-490
-875
-9550
9914
9914
9914
-8535
-8535
-8535
-8535
-2126
