-2198
-5835
8992
-5835
-6404
8031
-5835
-6143
8031
8031
6513
-5429
-3029
-3029
7455
-3029
-9485
-3195
-5429
-2198
-1236
6279
5929
6140
6140
8547
6140
6279
6140
6140
6279
6140
6279
5734
5734
7697
7697
5812
6140
5812
-341
-6991
-6249
-6991
-564
-564
642
-362
-6991
-6991
7697
8547
3897
1886
-9339
3897
3897
8990
7049
-9945
9545
-181
8990
8990
9397
-7441
-181
-181
-9339
9442
8452
5434
8452
9442
7049
9442
7049
9442
9442
-1617
-1617
