2485
-8947
8193
-5330
2292
-4098
-4098
-4098
-5330
1650
-9745
-9745
-4632
-4098
-4098
2485
-6285
-4632
-8968
-4098
-8968
9855
-8947
-8947
1650
-2503
-2407
-8947
-8219
-8219
-2503
-462
6368
6368
-2503
