-8635
-663
-8635
1795
7503
7503
1795
-6136
5496
7862
-8635
-663
1373
-8572
1373
5496
-2660
-8572
1795
5496
907
-8505
2955
-8505
209
-4713
2498
5573
-4890
2498
1795
5573
1795
-3896
1795
1795
2955
2147
2955
-4524
2955
209
-1257
209
-7344
-7344
-9491
-7344
209
-9491
8233
