-7542
-3351
-2908
2440
-9862
-3351
-7511
-5444
-2908
5224
-7667
2440
8206
-7374
-7374
-7374
-5444
2199
-7542
-7426
-4305
-7542
-7426
6535
-2908
-5202
-6170
-5202
-2908
-5202
6535
-5202
-3092
-3092
7631
-5202
-3092
-6170
7631
-5202
-3661
7631
5860
7631
-6170
4459
7243
7243
-2342
7243
8245
4459
-2342
4459
8369
7243
7243
-2007
-4521
-4521
-4521
-4521
153
153
