-2397
-2397
-399
-2398
-2398
-7910
-2398
-1820
-7910
-3033
5125
5125
-7910
-1249
-9368
-342
-342
-342
556
2271
2271
-8997
-8997
556
-8997
556
3288
744
582
744
-8997
582
336
582
-3118
4426
-3005
336
-3118
-3118
4426
-8561
-8561
-9886
-8119
744
-3118
-9886
-8119
-8655
3582
-8561
-5447
-8119
9849
-3635
3232
-3118
-3635
