-9452
-8345
-9101
5584
-9452
5584
-2912
-8345
-9452
1621
-2912
5475
-8345
-9101
1044
1044
-5286
1044
1044
2541
5874
2541
-5286
5874
1044
-5286
2541
-5733
-5286
2541
4713
6809
7550
7550
-5286
-5286
-8779
4095
-8779
-51
4059
8744
4059
-8779
8495
8495
3081
-8779
-8779
-8779
3081
4444
-8081
7428
8846
2806
2806
6815
2225
-7587
-7587
-2303
1095
-2303
-2303
-2303
-2303
-2303
-2303
-4869
-605
-605
-605
-605
-605
