-1200
-9670
-4871
6665
3760
-1200
-3119
-8311
-8311
-6271
-1200
8132
-3750
-6271
-2164
5878
5878
-6271
-4198
4172
4172
7926
1461
-8191
4350
4350
5878
1461
-8219
1461
-4141
1461
-2920
1461
-8219
-4141
-8219
-8219
8289
-7979
9156
-6781
9156
-7578
-7578
1167
1167
1167
-7881
9156
-7979
-7979
-7979
-7979
-51
735
-4342
7106
9336
3579
-4342
9273
9273
9336
-4342
-9620
6325
6573
2189
8142
8142
-7997
-9767
9273
9273
-7997
6211
-394
-8954
6211
-9798
6450
-6423
7754
-6423
-9798
1968
1968
-5504
1968
2261
5830
1968
-2892
2261
4673
-2892
1968
4673
6319
-859
-5504
4673
-2879
6831
1273
1517
1517
1517
-6249
6711
6711
-5430
-1581
2462
