1171
2489
6506
-6442
2489
6506
-2002
2489
4116
-4244
2489
-9811
-9811
1171
1836
1836
4116
2489
1171
6506
8333
8333
-2402
7818
-4244
7818
7818
-2779
1397
1048
5835
5835
6531
-6141
-4580
1570
6531
-4135
6531
-1430
-4135
1048
-4135
1048
-3001
-4135
-4135
1048
1048
-4017
7975
7975
7975
109
4395
109
109
109
