-8349
-4923
-3518
9907
9907
-8349
-7687
9907
-4923
-4923
-8349
-9275
-8349
9651
9907
9651
-8349
9907
-9275
-4923
9907
9907
43
2853
-9949
9705
9705
-2440
-2882
7647
7647
-2882
2853
7606
9705
-4223
2107
9705
9705
-588
-588
2962
-1363
1658
4641
1658
1658
1658
