1652
155
1652
2685
2685
-2406
2685
-2406
281
281
281
281
281
