-8817
5204
7193
2133
-1379
2359
-6113
-2767
1429
8791
-8638
4972
441
-6171
6539
-3681
9121
1255
-3972
