-7779
-8660
6007
-3008
8978
-6204
-9835
2322
-5962
-9688
9599
