3958
3365
-8755
505
-6985
7022
-1788
-2002
8896
8106
-9103
3417
8791
-1274
8347
4555
