-2267
-6473
-9681
-4767
8308
86
-9905
-6412
-9679
-531
-7799
-6399
6414
-1015
