-2267
-6473
9080
-4767
161
86
-9905
-6412
-111
-446
-7799
-6399
4919
-1717
