7817
-7983
-6104
-8929
3696
-7045
-4062
-3171
9803
9415
4487
